
Merging object attributes


Discarded input sections

 .data          0x00000000        0x0 main.o
 .bss           0x00000000        0x0 main.o
 .data          0x00000000        0x0 utils.o
 .bss           0x00000000        0x0 utils.o
 .text          0x00000000       0x18 stm32f103.o
 .data          0x00000000        0x0 stm32f103.o
 .bss           0x00000000        0x0 stm32f103.o

Memory Configuration

Name             Origin             Length             Attributes
FLASH            0x08000000         0x00020000         xr
SRAM             0x20000000         0x00005000         xrw
*default*        0x00000000         0xffffffff

Linker script and memory map

LOAD main.o
LOAD utils.o
LOAD stm32f103.o
                0x20005000                        _estack = (ORIGIN (SRAM) + LENGTH (SRAM))

.isr_vector     0x08000000      0x130
                0x08000000                        . = ALIGN (0x4)
 *(.isr_vector)
 .isr_vector    0x08000000      0x130 stm32f103.o
                0x08000130                        . = ALIGN (0x4)

.text           0x08000130      0x1a4
                0x08000130                        . = ALIGN (0x4)
 *(.text)
 .text          0x08000130       0xbc main.o
                0x08000130                main
 .text          0x080001ec       0xa4 utils.o
                0x080001ec                delay_ms
 *(.text*)
 .text.Reset_Handler
                0x08000290       0x40 stm32f103.o
                0x08000290                Reset_Handler
 .text.Default_Handler
                0x080002d0        0x2 stm32f103.o
                0x080002d0                RTC_Alarm_IRQHandler
                0x080002d0                EXTI2_IRQHandler
                0x080002d0                TIM8_TRG_COM_IRQHandler
                0x080002d0                TIM8_CC_IRQHandler
                0x080002d0                DebugMon_Handler
                0x080002d0                TIM1_CC_IRQHandler
                0x080002d0                HardFault_Handler
                0x080002d0                TIM6_IRQHandler
                0x080002d0                SysTick_Handler
                0x080002d0                PVD_IRQHandler
                0x080002d0                SDIO_IRQHandler
                0x080002d0                PendSV_Handler
                0x080002d0                NMI_Handler
                0x080002d0                EXTI3_IRQHandler
                0x080002d0                EXTI0_IRQHandler
                0x080002d0                I2C2_EV_IRQHandler
                0x080002d0                UsageFault_Handler
                0x080002d0                ADC1_2_IRQHandler
                0x080002d0                SPI1_IRQHandler
                0x080002d0                TAMPER_IRQHandler
                0x080002d0                TIM8_UP_IRQHandler
                0x080002d0                DMA2_Channel2_IRQHandler
                0x080002d0                DMA1_Channel4_IRQHandler
                0x080002d0                USART3_IRQHandler
                0x080002d0                RTC_IRQHandler
                0x080002d0                DMA1_Channel7_IRQHandler
                0x080002d0                CAN1_RX1_IRQHandler
                0x080002d0                UART5_IRQHandler
                0x080002d0                ADC3_IRQHandler
                0x080002d0                TIM4_IRQHandler
                0x080002d0                DMA2_Channel1_IRQHandler
                0x080002d0                I2C1_EV_IRQHandler
                0x080002d0                DMA1_Channel6_IRQHandler
                0x080002d0                UART4_IRQHandler
                0x080002d0                TIM3_IRQHandler
                0x080002d0                RCC_IRQHandler
                0x080002d0                TIM1_TRG_COM_IRQHandler
                0x080002d0                DMA1_Channel1_IRQHandler
                0x080002d0                EXTI15_10_IRQHandler
                0x080002d0                TIM7_IRQHandler
                0x080002d0                TIM5_IRQHandler
                0x080002d0                EXTI9_5_IRQHandler
                0x080002d0                SPI2_IRQHandler
                0x080002d0                MemManage_Handler
                0x080002d0                SVC_Handler
                0x080002d0                DMA1_Channel5_IRQHandler
                0x080002d0                EXTI4_IRQHandler
                0x080002d0                USB_LP_CAN1_RX0_IRQHandler
                0x080002d0                USB_HP_CAN1_TX_IRQHandler
                0x080002d0                DMA1_Channel3_IRQHandler
                0x080002d0                FSMC_IRQHandler
                0x080002d0                TIM1_UP_IRQHandler
                0x080002d0                WWDG_IRQHandler
                0x080002d0                TIM2_IRQHandler
                0x080002d0                TIM1_BRK_IRQHandler
                0x080002d0                EXTI1_IRQHandler
                0x080002d0                DMA2_Channel4_5_IRQHandler
                0x080002d0                USART2_IRQHandler
                0x080002d0                I2C2_ER_IRQHandler
                0x080002d0                DMA1_Channel2_IRQHandler
                0x080002d0                TIM8_BRK_IRQHandler
                0x080002d0                CAN1_SCE_IRQHandler
                0x080002d0                FLASH_IRQHandler
                0x080002d0                BusFault_Handler
                0x080002d0                USART1_IRQHandler
                0x080002d0                SPI3_IRQHandler
                0x080002d0                I2C1_ER_IRQHandler
                0x080002d0                USBWakeUp_IRQHandler
                0x080002d0                DMA2_Channel3_IRQHandler
 *(.rodata)
 *(.rodata*)
                0x080002d4                        . = ALIGN (0x4)
 *fill*         0x080002d2        0x2 
                0x080002d4                        _sidata = LOADADDR (.data)

.glue_7         0x080002d4        0x0
 .glue_7        0x080002d4        0x0 linker stubs

.glue_7t        0x080002d4        0x0
 .glue_7t       0x080002d4        0x0 linker stubs

.vfp11_veneer   0x080002d4        0x0
 .vfp11_veneer  0x080002d4        0x0 linker stubs

.v4_bx          0x080002d4        0x0
 .v4_bx         0x080002d4        0x0 linker stubs

.iplt           0x080002d4        0x0
 .iplt          0x080002d4        0x0 main.o

.rel.dyn        0x080002d4        0x0
 .rel.iplt      0x080002d4        0x0 main.o

.data           0x20000000        0x0 load address 0x080002d4
                0x20000000                        . = ALIGN (0x4)
                0x20000000                        _sdata = .
 *(.data)
 *(.data*)
                0x20000000                        . = ALIGN (0x4)
                0x20000000                        _edata = .

.igot.plt       0x20000000        0x0 load address 0x080002d4
 .igot.plt      0x20000000        0x0 main.o

.bss            0x20000000        0x0 load address 0x080002d4
                0x20000000                        . = ALIGN (0x4)
                0x20000000                        _sbss = .
 *(.bss)
 *(.bss*)
 *(COMMON)
                0x20000000                        . = ALIGN (0x4)
                0x20000000                        _ebss = .
                0x20000000                        . = ALIGN (0x4)
                0x20000000                        _end = .
OUTPUT(firmware.elf elf32-littlearm)
LOAD linker stubs

.debug_info     0x00000000      0x15e
 .debug_info    0x00000000       0xab main.o
 .debug_info    0x000000ab       0xb3 utils.o

.debug_abbrev   0x00000000       0xed
 .debug_abbrev  0x00000000       0x7d main.o
 .debug_abbrev  0x0000007d       0x70 utils.o

.debug_aranges  0x00000000       0x40
 .debug_aranges
                0x00000000       0x20 main.o
 .debug_aranges
                0x00000020       0x20 utils.o

.debug_line     0x00000000      0x1d9
 .debug_line    0x00000000       0xe3 main.o
 .debug_line    0x000000e3       0xf6 utils.o

.debug_str      0x00000000      0x103
 .debug_str     0x00000000      0x103 main.o
                                0x11e (size before relaxing)
 .debug_str     0x00000103        0x0 utils.o
                                0x130 (size before relaxing)

.comment        0x00000000       0x1e
 .comment       0x00000000       0x1e main.o
                                 0x1f (size before relaxing)
 .comment       0x0000001e        0x0 utils.o
                                 0x1f (size before relaxing)

.ARM.attributes
                0x00000000       0x2b
 .ARM.attributes
                0x00000000       0x2d main.o
 .ARM.attributes
                0x0000002d       0x2d utils.o
 .ARM.attributes
                0x0000005a       0x21 stm32f103.o

.debug_frame    0x00000000       0x64
 .debug_frame   0x00000000       0x2c main.o
 .debug_frame   0x0000002c       0x38 utils.o
